// Jest Snapshot v1, https://goo.gl/fbAQLP

exports[`<App /> should match snap shot 1`] = `
<View
  style={
    Object {
      "alignItems": "center",
      "backgroundColor": "#FFF",
      "flex": 1,
      "justifyContent": "center",
    }
  }
>
  <ActivityIndicator
    animating={true}
    color="#999999"
    hidesWhenStopped={true}
    size="large"
  />
</View>
`;

exports[`Functional Components <App /> should match snapshot 1`] = `
<View
  style={
    Object {
      "alignItems": "center",
      "backgroundColor": "#FFF",
      "flex": 1,
      "justifyContent": "center",
    }
  }
>
  <ActivityIndicator
    animating={true}
    color="#999999"
    hidesWhenStopped={true}
    size="large"
  />
</View>
`;
